[2026-07-29 19:26:05] WARNING siam.routes.auth | Intento de login fallido: admin@test.com
[2026-07-29 19:40:47] WARNING siam.routes.auth | Intento de login fallido: admin@test.com
[2026-07-29 20:43:41] WARNING siam.routes.auth | Intento de login fallido: admin@test.com
[2026-07-29 20:46:10] WARNING siam.routes.auth | Intento de login fallido: admin@test.com
[2026-07-29 21:00:46] WARNING siam.routes.auth | Intento de login fallido: admin@test.com
[2026-07-29 21:01:21] WARNING siam.routes.auth | Intento de login fallido: admin@test.com
[2026-07-29 21:01:42] ERROR siam.db | Error en commit DB: (sqlite3.IntegrityError) UNIQUE constraint failed: usuarios.correo
[SQL: INSERT INTO usuarios (nombre, correo, password_hash, rol, activo) VALUES (?, ?, ?, ?, ?) RETURNING id, created_at]
[parameters: ('Admin', 'admin@test.com', 'scrypt:32768:8:1$3huKN6Fc1KLmLjnF$8d818ea26933c119668a01f71f5740e03968c5ca778a920b1eb6cb8cadc89c16dc405c61a096529e736732e332927e496924114dd5c6e9b9284f85bf446f0566', 'admin', 1)]
(Background on this error at: https://sqlalche.me/e/20/gkpj)
Traceback (most recent call last):
  File "C:\Users\PC\OneDrive\Desktop\SIAM-SAS\.venv\Lib\site-packages\sqlalchemy\engine\base.py", line 1969, in _exec_single_context
    self.dialect.do_execute(
    ~~~~~~~~~~~~~~~~~~~~~~~^
        cursor, str_statement, effective_parameters, context
        ^^^^^^^^^^^^^^^^^^^^^^^^^^^^^^^^^^^^^^^^^^^^^^^^^^^^
    )
    ^
  File "C:\Users\PC\OneDrive\Desktop\SIAM-SAS\.venv\Lib\site-packages\sqlalchemy\engine\default.py", line 952, in do_execute
    cursor.execute(statement, parameters)
    ~~~~~~~~~~~~~~^^^^^^^^^^^^^^^^^^^^^^^
sqlite3.IntegrityError: UNIQUE constraint failed: usuarios.correo

The above exception was the direct cause of the following exception:

Traceback (most recent call last):
  File "C:\Users\PC\OneDrive\Desktop\SIAM-SAS\database\commit.py", line 12, in safe_commit
    db.session.commit()
    ~~~~~~~~~~~~~~~~~^^
  File "C:\Users\PC\OneDrive\Desktop\SIAM-SAS\.venv\Lib\site-packages\sqlalchemy\orm\scoping.py", line 596, in commit
    return self._proxied.commit()
           ~~~~~~~~~~~~~~~~~~~~^^
  File "C:\Users\PC\OneDrive\Desktop\SIAM-SAS\.venv\Lib\site-packages\sqlalchemy\orm\session.py", line 2035, in commit
    trans.commit(_to_root=True)
    ~~~~~~~~~~~~^^^^^^^^^^^^^^^
  File "<string>", line 2, in commit
  File "C:\Users\PC\OneDrive\Desktop\SIAM-SAS\.venv\Lib\site-packages\sqlalchemy\orm\state_changes.py", line 137, in _go
    ret_value = fn(self, *arg, **kw)
  File "C:\Users\PC\OneDrive\Desktop\SIAM-SAS\.venv\Lib\site-packages\sqlalchemy\orm\session.py", line 1316, in commit
    self._prepare_impl()
    ~~~~~~~~~~~~~~~~~~^^
  File "<string>", line 2, in _prepare_impl
  File "C:\Users\PC\OneDrive\Desktop\SIAM-SAS\.venv\Lib\site-packages\sqlalchemy\orm\state_changes.py", line 137, in _go
    ret_value = fn(self, *arg, **kw)
  File "C:\Users\PC\OneDrive\Desktop\SIAM-SAS\.venv\Lib\site-packages\sqlalchemy\orm\session.py", line 1290, in _prepare_impl
    self.session.flush()
    ~~~~~~~~~~~~~~~~~~^^
  File "C:\Users\PC\OneDrive\Desktop\SIAM-SAS\.venv\Lib\site-packages\sqlalchemy\orm\session.py", line 4353, in flush
    self._flush(objects)
    ~~~~~~~~~~~^^^^^^^^^
  File "C:\Users\PC\OneDrive\Desktop\SIAM-SAS\.venv\Lib\site-packages\sqlalchemy\orm\session.py", line 4488, in _flush
    with util.safe_reraise():
         ~~~~~~~~~~~~~~~~~^^
  File "C:\Users\PC\OneDrive\Desktop\SIAM-SAS\.venv\Lib\site-packages\sqlalchemy\util\langhelpers.py", line 122, in __exit__
    raise exc_value.with_traceback(exc_tb)
  File "C:\Users\PC\OneDrive\Desktop\SIAM-SAS\.venv\Lib\site-packages\sqlalchemy\orm\session.py", line 4449, in _flush
    flush_context.execute()
    ~~~~~~~~~~~~~~~~~~~~~^^
  File "C:\Users\PC\OneDrive\Desktop\SIAM-SAS\.venv\Lib\site-packages\sqlalchemy\orm\unitofwork.py", line 465, in execute
    rec.execute(self)
    ~~~~~~~~~~~^^^^^^
  File "C:\Users\PC\OneDrive\Desktop\SIAM-SAS\.venv\Lib\site-packages\sqlalchemy\orm\unitofwork.py", line 641, in execute
    util.preloaded.orm_persistence.save_obj(
    ~~~~~~~~~~~~~~~~~~~~~~~~~~~~~~~~~~~~~~~^
        self.mapper,
        ^^^^^^^^^^^^
        uow.states_for_mapper_hierarchy(self.mapper, False, False),
        ^^^^^^^^^^^^^^^^^^^^^^^^^^^^^^^^^^^^^^^^^^^^^^^^^^^^^^^^^^^
        uow,
        ^^^^
    )
    ^
  File "C:\Users\PC\OneDrive\Desktop\SIAM-SAS\.venv\Lib\site-packages\sqlalchemy\orm\persistence.py", line 94, in save_obj
    _emit_insert_statements(
    ~~~~~~~~~~~~~~~~~~~~~~~^
        base_mapper,
        ^^^^^^^^^^^^
    ...<3 lines>...
        insert,
        ^^^^^^^
    )
    ^
  File "C:\Users\PC\OneDrive\Desktop\SIAM-SAS\.venv\Lib\site-packages\sqlalchemy\orm\persistence.py", line 1234, in _emit_insert_statements
    result = connection.execute(
        statement,
        params,
        execution_options=execution_options,
    )
  File "C:\Users\PC\OneDrive\Desktop\SIAM-SAS\.venv\Lib\site-packages\sqlalchemy\engine\base.py", line 1421, in execute
    return meth(
        self,
        distilled_parameters,
        execution_options or NO_OPTIONS,
    )
  File "C:\Users\PC\OneDrive\Desktop\SIAM-SAS\.venv\Lib\site-packages\sqlalchemy\sql\elements.py", line 526, in _execute_on_connection
    return connection._execute_clauseelement(
           ~~~~~~~~~~~~~~~~~~~~~~~~~~~~~~~~~^
        self, distilled_params, execution_options
        ^^^^^^^^^^^^^^^^^^^^^^^^^^^^^^^^^^^^^^^^^
    )
    ^
  File "C:\Users\PC\OneDrive\Desktop\SIAM-SAS\.venv\Lib\site-packages\sqlalchemy\engine\base.py", line 1643, in _execute_clauseelement
    ret = self._execute_context(
        dialect,
    ...<8 lines>...
        cache_hit=cache_hit,
    )
  File "C:\Users\PC\OneDrive\Desktop\SIAM-SAS\.venv\Lib\site-packages\sqlalchemy\engine\base.py", line 1848, in _execute_context
    return self._exec_single_context(
           ~~~~~~~~~~~~~~~~~~~~~~~~~^
        dialect, context, statement, parameters
        ^^^^^^^^^^^^^^^^^^^^^^^^^^^^^^^^^^^^^^^
    )
    ^
  File "C:\Users\PC\OneDrive\Desktop\SIAM-SAS\.venv\Lib\site-packages\sqlalchemy\engine\base.py", line 1988, in _exec_single_context
    self._handle_dbapi_exception(
    ~~~~~~~~~~~~~~~~~~~~~~~~~~~~^
        e, str_statement, effective_parameters, cursor, context
        ^^^^^^^^^^^^^^^^^^^^^^^^^^^^^^^^^^^^^^^^^^^^^^^^^^^^^^^
    )
    ^
  File "C:\Users\PC\OneDrive\Desktop\SIAM-SAS\.venv\Lib\site-packages\sqlalchemy\engine\base.py", line 2365, in _handle_dbapi_exception
    raise sqlalchemy_exception.with_traceback(exc_info[2]) from e
  File "C:\Users\PC\OneDrive\Desktop\SIAM-SAS\.venv\Lib\site-packages\sqlalchemy\engine\base.py", line 1969, in _exec_single_context
    self.dialect.do_execute(
    ~~~~~~~~~~~~~~~~~~~~~~~^
        cursor, str_statement, effective_parameters, context
        ^^^^^^^^^^^^^^^^^^^^^^^^^^^^^^^^^^^^^^^^^^^^^^^^^^^^
    )
    ^
  File "C:\Users\PC\OneDrive\Desktop\SIAM-SAS\.venv\Lib\site-packages\sqlalchemy\engine\default.py", line 952, in do_execute
    cursor.execute(statement, parameters)
    ~~~~~~~~~~~~~~^^^^^^^^^^^^^^^^^^^^^^^
sqlalchemy.exc.IntegrityError: (sqlite3.IntegrityError) UNIQUE constraint failed: usuarios.correo
[SQL: INSERT INTO usuarios (nombre, correo, password_hash, rol, activo) VALUES (?, ?, ?, ?, ?) RETURNING id, created_at]
[parameters: ('Admin', 'admin@test.com', 'scrypt:32768:8:1$3huKN6Fc1KLmLjnF$8d818ea26933c119668a01f71f5740e03968c5ca778a920b1eb6cb8cadc89c16dc405c61a096529e736732e332927e496924114dd5c6e9b9284f85bf446f0566', 'admin', 1)]
(Background on this error at: https://sqlalche.me/e/20/gkpj)
[2026-07-29 21:01:42] ERROR siam.db | Error en commit DB: (sqlite3.IntegrityError) UNIQUE constraint failed: usuarios.correo
[SQL: INSERT INTO usuarios (nombre, correo, password_hash, rol, activo) VALUES (?, ?, ?, ?, ?) RETURNING id, created_at]
[parameters: ('Admin', 'admin@test.com', 'scrypt:32768:8:1$SvXHsCfotRJCMb17$9e7bd6f6285ce5bcde3b59e7b08ca4ad29023f00ee72d3afff82be999db1777b81656694efe8c5e2b68187481440f69dcd1214a56119e3bc5d373e420479171f', 'admin', 1)]
(Background on this error at: https://sqlalche.me/e/20/gkpj)
Traceback (most recent call last):
  File "C:\Users\PC\OneDrive\Desktop\SIAM-SAS\.venv\Lib\site-packages\sqlalchemy\engine\base.py", line 1969, in _exec_single_context
    self.dialect.do_execute(
    ~~~~~~~~~~~~~~~~~~~~~~~^
        cursor, str_statement, effective_parameters, context
        ^^^^^^^^^^^^^^^^^^^^^^^^^^^^^^^^^^^^^^^^^^^^^^^^^^^^
    )
    ^
  File "C:\Users\PC\OneDrive\Desktop\SIAM-SAS\.venv\Lib\site-packages\sqlalchemy\engine\default.py", line 952, in do_execute
    cursor.execute(statement, parameters)
    ~~~~~~~~~~~~~~^^^^^^^^^^^^^^^^^^^^^^^
sqlite3.IntegrityError: UNIQUE constraint failed: usuarios.correo

The above exception was the direct cause of the following exception:

Traceback (most recent call last):
  File "C:\Users\PC\OneDrive\Desktop\SIAM-SAS\database\commit.py", line 12, in safe_commit
    db.session.commit()
    ~~~~~~~~~~~~~~~~~^^
  File "C:\Users\PC\OneDrive\Desktop\SIAM-SAS\.venv\Lib\site-packages\sqlalchemy\orm\scoping.py", line 596, in commit
    return self._proxied.commit()
           ~~~~~~~~~~~~~~~~~~~~^^
  File "C:\Users\PC\OneDrive\Desktop\SIAM-SAS\.venv\Lib\site-packages\sqlalchemy\orm\session.py", line 2035, in commit
    trans.commit(_to_root=True)
    ~~~~~~~~~~~~^^^^^^^^^^^^^^^
  File "<string>", line 2, in commit
  File "C:\Users\PC\OneDrive\Desktop\SIAM-SAS\.venv\Lib\site-packages\sqlalchemy\orm\state_changes.py", line 137, in _go
    ret_value = fn(self, *arg, **kw)
  File "C:\Users\PC\OneDrive\Desktop\SIAM-SAS\.venv\Lib\site-packages\sqlalchemy\orm\session.py", line 1316, in commit
    self._prepare_impl()
    ~~~~~~~~~~~~~~~~~~^^
  File "<string>", line 2, in _prepare_impl
  File "C:\Users\PC\OneDrive\Desktop\SIAM-SAS\.venv\Lib\site-packages\sqlalchemy\orm\state_changes.py", line 137, in _go
    ret_value = fn(self, *arg, **kw)
  File "C:\Users\PC\OneDrive\Desktop\SIAM-SAS\.venv\Lib\site-packages\sqlalchemy\orm\session.py", line 1290, in _prepare_impl
    self.session.flush()
    ~~~~~~~~~~~~~~~~~~^^
  File "C:\Users\PC\OneDrive\Desktop\SIAM-SAS\.venv\Lib\site-packages\sqlalchemy\orm\session.py", line 4353, in flush
    self._flush(objects)
    ~~~~~~~~~~~^^^^^^^^^
  File "C:\Users\PC\OneDrive\Desktop\SIAM-SAS\.venv\Lib\site-packages\sqlalchemy\orm\session.py", line 4488, in _flush
    with util.safe_reraise():
         ~~~~~~~~~~~~~~~~~^^
  File "C:\Users\PC\OneDrive\Desktop\SIAM-SAS\.venv\Lib\site-packages\sqlalchemy\util\langhelpers.py", line 122, in __exit__
    raise exc_value.with_traceback(exc_tb)
  File "C:\Users\PC\OneDrive\Desktop\SIAM-SAS\.venv\Lib\site-packages\sqlalchemy\orm\session.py", line 4449, in _flush
    flush_context.execute()
    ~~~~~~~~~~~~~~~~~~~~~^^
  File "C:\Users\PC\OneDrive\Desktop\SIAM-SAS\.venv\Lib\site-packages\sqlalchemy\orm\unitofwork.py", line 465, in execute
    rec.execute(self)
    ~~~~~~~~~~~^^^^^^
  File "C:\Users\PC\OneDrive\Desktop\SIAM-SAS\.venv\Lib\site-packages\sqlalchemy\orm\unitofwork.py", line 641, in execute
    util.preloaded.orm_persistence.save_obj(
    ~~~~~~~~~~~~~~~~~~~~~~~~~~~~~~~~~~~~~~~^
        self.mapper,
        ^^^^^^^^^^^^
        uow.states_for_mapper_hierarchy(self.mapper, False, False),
        ^^^^^^^^^^^^^^^^^^^^^^^^^^^^^^^^^^^^^^^^^^^^^^^^^^^^^^^^^^^
        uow,
        ^^^^
    )
    ^
  File "C:\Users\PC\OneDrive\Desktop\SIAM-SAS\.venv\Lib\site-packages\sqlalchemy\orm\persistence.py", line 94, in save_obj
    _emit_insert_statements(
    ~~~~~~~~~~~~~~~~~~~~~~~^
        base_mapper,
        ^^^^^^^^^^^^
    ...<3 lines>...
        insert,
        ^^^^^^^
    )
    ^
  File "C:\Users\PC\OneDrive\Desktop\SIAM-SAS\.venv\Lib\site-packages\sqlalchemy\orm\persistence.py", line 1234, in _emit_insert_statements
    result = connection.execute(
        statement,
        params,
        execution_options=execution_options,
    )
  File "C:\Users\PC\OneDrive\Desktop\SIAM-SAS\.venv\Lib\site-packages\sqlalchemy\engine\base.py", line 1421, in execute
    return meth(
        self,
        distilled_parameters,
        execution_options or NO_OPTIONS,
    )
  File "C:\Users\PC\OneDrive\Desktop\SIAM-SAS\.venv\Lib\site-packages\sqlalchemy\sql\elements.py", line 526, in _execute_on_connection
    return connection._execute_clauseelement(
           ~~~~~~~~~~~~~~~~~~~~~~~~~~~~~~~~~^
        self, distilled_params, execution_options
        ^^^^^^^^^^^^^^^^^^^^^^^^^^^^^^^^^^^^^^^^^
    )
    ^
  File "C:\Users\PC\OneDrive\Desktop\SIAM-SAS\.venv\Lib\site-packages\sqlalchemy\engine\base.py", line 1643, in _execute_clauseelement
    ret = self._execute_context(
        dialect,
    ...<8 lines>...
        cache_hit=cache_hit,
    )
  File "C:\Users\PC\OneDrive\Desktop\SIAM-SAS\.venv\Lib\site-packages\sqlalchemy\engine\base.py", line 1848, in _execute_context
    return self._exec_single_context(
           ~~~~~~~~~~~~~~~~~~~~~~~~~^
        dialect, context, statement, parameters
        ^^^^^^^^^^^^^^^^^^^^^^^^^^^^^^^^^^^^^^^
    )
    ^
  File "C:\Users\PC\OneDrive\Desktop\SIAM-SAS\.venv\Lib\site-packages\sqlalchemy\engine\base.py", line 1988, in _exec_single_context
    self._handle_dbapi_exception(
    ~~~~~~~~~~~~~~~~~~~~~~~~~~~~^
        e, str_statement, effective_parameters, cursor, context
        ^^^^^^^^^^^^^^^^^^^^^^^^^^^^^^^^^^^^^^^^^^^^^^^^^^^^^^^
    )
    ^
  File "C:\Users\PC\OneDrive\Desktop\SIAM-SAS\.venv\Lib\site-packages\sqlalchemy\engine\base.py", line 2365, in _handle_dbapi_exception
    raise sqlalchemy_exception.with_traceback(exc_info[2]) from e
  File "C:\Users\PC\OneDrive\Desktop\SIAM-SAS\.venv\Lib\site-packages\sqlalchemy\engine\base.py", line 1969, in _exec_single_context
    self.dialect.do_execute(
    ~~~~~~~~~~~~~~~~~~~~~~~^
        cursor, str_statement, effective_parameters, context
        ^^^^^^^^^^^^^^^^^^^^^^^^^^^^^^^^^^^^^^^^^^^^^^^^^^^^
    )
    ^
  File "C:\Users\PC\OneDrive\Desktop\SIAM-SAS\.venv\Lib\site-packages\sqlalchemy\engine\default.py", line 952, in do_execute
    cursor.execute(statement, parameters)
    ~~~~~~~~~~~~~~^^^^^^^^^^^^^^^^^^^^^^^
sqlalchemy.exc.IntegrityError: (sqlite3.IntegrityError) UNIQUE constraint failed: usuarios.correo
[SQL: INSERT INTO usuarios (nombre, correo, password_hash, rol, activo) VALUES (?, ?, ?, ?, ?) RETURNING id, created_at]
[parameters: ('Admin', 'admin@test.com', 'scrypt:32768:8:1$SvXHsCfotRJCMb17$9e7bd6f6285ce5bcde3b59e7b08ca4ad29023f00ee72d3afff82be999db1777b81656694efe8c5e2b68187481440f69dcd1214a56119e3bc5d373e420479171f', 'admin', 1)]
(Background on this error at: https://sqlalche.me/e/20/gkpj)
[2026-07-29 21:01:43] ERROR siam.db | Error en commit DB: (sqlite3.IntegrityError) UNIQUE constraint failed: usuarios.correo
[SQL: INSERT INTO usuarios (nombre, correo, password_hash, rol, activo) VALUES (?, ?, ?, ?, ?) RETURNING id, created_at]
[parameters: ('Admin', 'admin@test.com', 'scrypt:32768:8:1$16yDcD7vWajrt614$b1a99d69ef6c4de30bddd60a284df05ecc6e351b52adae90ee8c99f6acf448b43a31b62a7f166598255de47d666b79b0dd1384483af3a0c5f0c0d57c6a31c351', 'admin', 1)]
(Background on this error at: https://sqlalche.me/e/20/gkpj)
Traceback (most recent call last):
  File "C:\Users\PC\OneDrive\Desktop\SIAM-SAS\.venv\Lib\site-packages\sqlalchemy\engine\base.py", line 1969, in _exec_single_context
    self.dialect.do_execute(
    ~~~~~~~~~~~~~~~~~~~~~~~^
        cursor, str_statement, effective_parameters, context
        ^^^^^^^^^^^^^^^^^^^^^^^^^^^^^^^^^^^^^^^^^^^^^^^^^^^^
    )
    ^
  File "C:\Users\PC\OneDrive\Desktop\SIAM-SAS\.venv\Lib\site-packages\sqlalchemy\engine\default.py", line 952, in do_execute
    cursor.execute(statement, parameters)
    ~~~~~~~~~~~~~~^^^^^^^^^^^^^^^^^^^^^^^
sqlite3.IntegrityError: UNIQUE constraint failed: usuarios.correo

The above exception was the direct cause of the following exception:

Traceback (most recent call last):
  File "C:\Users\PC\OneDrive\Desktop\SIAM-SAS\database\commit.py", line 12, in safe_commit
    db.session.commit()
    ~~~~~~~~~~~~~~~~~^^
  File "C:\Users\PC\OneDrive\Desktop\SIAM-SAS\.venv\Lib\site-packages\sqlalchemy\orm\scoping.py", line 596, in commit
    return self._proxied.commit()
           ~~~~~~~~~~~~~~~~~~~~^^
  File "C:\Users\PC\OneDrive\Desktop\SIAM-SAS\.venv\Lib\site-packages\sqlalchemy\orm\session.py", line 2035, in commit
    trans.commit(_to_root=True)
    ~~~~~~~~~~~~^^^^^^^^^^^^^^^
  File "<string>", line 2, in commit
  File "C:\Users\PC\OneDrive\Desktop\SIAM-SAS\.venv\Lib\site-packages\sqlalchemy\orm\state_changes.py", line 137, in _go
    ret_value = fn(self, *arg, **kw)
  File "C:\Users\PC\OneDrive\Desktop\SIAM-SAS\.venv\Lib\site-packages\sqlalchemy\orm\session.py", line 1316, in commit
    self._prepare_impl()
    ~~~~~~~~~~~~~~~~~~^^
  File "<string>", line 2, in _prepare_impl
  File "C:\Users\PC\OneDrive\Desktop\SIAM-SAS\.venv\Lib\site-packages\sqlalchemy\orm\state_changes.py", line 137, in _go
    ret_value = fn(self, *arg, **kw)
  File "C:\Users\PC\OneDrive\Desktop\SIAM-SAS\.venv\Lib\site-packages\sqlalchemy\orm\session.py", line 1290, in _prepare_impl
    self.session.flush()
    ~~~~~~~~~~~~~~~~~~^^
  File "C:\Users\PC\OneDrive\Desktop\SIAM-SAS\.venv\Lib\site-packages\sqlalchemy\orm\session.py", line 4353, in flush
    self._flush(objects)
    ~~~~~~~~~~~^^^^^^^^^
  File "C:\Users\PC\OneDrive\Desktop\SIAM-SAS\.venv\Lib\site-packages\sqlalchemy\orm\session.py", line 4488, in _flush
    with util.safe_reraise():
         ~~~~~~~~~~~~~~~~~^^
  File "C:\Users\PC\OneDrive\Desktop\SIAM-SAS\.venv\Lib\site-packages\sqlalchemy\util\langhelpers.py", line 122, in __exit__
    raise exc_value.with_traceback(exc_tb)
  File "C:\Users\PC\OneDrive\Desktop\SIAM-SAS\.venv\Lib\site-packages\sqlalchemy\orm\session.py", line 4449, in _flush
    flush_context.execute()
    ~~~~~~~~~~~~~~~~~~~~~^^
  File "C:\Users\PC\OneDrive\Desktop\SIAM-SAS\.venv\Lib\site-packages\sqlalchemy\orm\unitofwork.py", line 465, in execute
    rec.execute(self)
    ~~~~~~~~~~~^^^^^^
  File "C:\Users\PC\OneDrive\Desktop\SIAM-SAS\.venv\Lib\site-packages\sqlalchemy\orm\unitofwork.py", line 641, in execute
    util.preloaded.orm_persistence.save_obj(
    ~~~~~~~~~~~~~~~~~~~~~~~~~~~~~~~~~~~~~~~^
        self.mapper,
        ^^^^^^^^^^^^
        uow.states_for_mapper_hierarchy(self.mapper, False, False),
        ^^^^^^^^^^^^^^^^^^^^^^^^^^^^^^^^^^^^^^^^^^^^^^^^^^^^^^^^^^^
        uow,
        ^^^^
    )
    ^
  File "C:\Users\PC\OneDrive\Desktop\SIAM-SAS\.venv\Lib\site-packages\sqlalchemy\orm\persistence.py", line 94, in save_obj
    _emit_insert_statements(
    ~~~~~~~~~~~~~~~~~~~~~~~^
        base_mapper,
        ^^^^^^^^^^^^
    ...<3 lines>...
        insert,
        ^^^^^^^
    )
    ^
  File "C:\Users\PC\OneDrive\Desktop\SIAM-SAS\.venv\Lib\site-packages\sqlalchemy\orm\persistence.py", line 1234, in _emit_insert_statements
    result = connection.execute(
        statement,
        params,
        execution_options=execution_options,
    )
  File "C:\Users\PC\OneDrive\Desktop\SIAM-SAS\.venv\Lib\site-packages\sqlalchemy\engine\base.py", line 1421, in execute
    return meth(
        self,
        distilled_parameters,
        execution_options or NO_OPTIONS,
    )
  File "C:\Users\PC\OneDrive\Desktop\SIAM-SAS\.venv\Lib\site-packages\sqlalchemy\sql\elements.py", line 526, in _execute_on_connection
    return connection._execute_clauseelement(
           ~~~~~~~~~~~~~~~~~~~~~~~~~~~~~~~~~^
        self, distilled_params, execution_options
        ^^^^^^^^^^^^^^^^^^^^^^^^^^^^^^^^^^^^^^^^^
    )
    ^
  File "C:\Users\PC\OneDrive\Desktop\SIAM-SAS\.venv\Lib\site-packages\sqlalchemy\engine\base.py", line 1643, in _execute_clauseelement
    ret = self._execute_context(
        dialect,
    ...<8 lines>...
        cache_hit=cache_hit,
    )
  File "C:\Users\PC\OneDrive\Desktop\SIAM-SAS\.venv\Lib\site-packages\sqlalchemy\engine\base.py", line 1848, in _execute_context
    return self._exec_single_context(
           ~~~~~~~~~~~~~~~~~~~~~~~~~^
        dialect, context, statement, parameters
        ^^^^^^^^^^^^^^^^^^^^^^^^^^^^^^^^^^^^^^^
    )
    ^
  File "C:\Users\PC\OneDrive\Desktop\SIAM-SAS\.venv\Lib\site-packages\sqlalchemy\engine\base.py", line 1988, in _exec_single_context
    self._handle_dbapi_exception(
    ~~~~~~~~~~~~~~~~~~~~~~~~~~~~^
        e, str_statement, effective_parameters, cursor, context
        ^^^^^^^^^^^^^^^^^^^^^^^^^^^^^^^^^^^^^^^^^^^^^^^^^^^^^^^
    )
    ^
  File "C:\Users\PC\OneDrive\Desktop\SIAM-SAS\.venv\Lib\site-packages\sqlalchemy\engine\base.py", line 2365, in _handle_dbapi_exception
    raise sqlalchemy_exception.with_traceback(exc_info[2]) from e
  File "C:\Users\PC\OneDrive\Desktop\SIAM-SAS\.venv\Lib\site-packages\sqlalchemy\engine\base.py", line 1969, in _exec_single_context
    self.dialect.do_execute(
    ~~~~~~~~~~~~~~~~~~~~~~~^
        cursor, str_statement, effective_parameters, context
        ^^^^^^^^^^^^^^^^^^^^^^^^^^^^^^^^^^^^^^^^^^^^^^^^^^^^
    )
    ^
  File "C:\Users\PC\OneDrive\Desktop\SIAM-SAS\.venv\Lib\site-packages\sqlalchemy\engine\default.py", line 952, in do_execute
    cursor.execute(statement, parameters)
    ~~~~~~~~~~~~~~^^^^^^^^^^^^^^^^^^^^^^^
sqlalchemy.exc.IntegrityError: (sqlite3.IntegrityError) UNIQUE constraint failed: usuarios.correo
[SQL: INSERT INTO usuarios (nombre, correo, password_hash, rol, activo) VALUES (?, ?, ?, ?, ?) RETURNING id, created_at]
[parameters: ('Admin', 'admin@test.com', 'scrypt:32768:8:1$16yDcD7vWajrt614$b1a99d69ef6c4de30bddd60a284df05ecc6e351b52adae90ee8c99f6acf448b43a31b62a7f166598255de47d666b79b0dd1384483af3a0c5f0c0d57c6a31c351', 'admin', 1)]
(Background on this error at: https://sqlalche.me/e/20/gkpj)
[2026-07-29 21:02:28] WARNING siam.routes.auth | Intento de login fallido: admin@test.com
[2026-07-29 21:02:51] WARNING siam.routes.auth | Intento de login fallido: admin@test.com
[2026-07-29 21:04:24] WARNING siam.routes.auth | Intento de login fallido: admin@test.com
[2026-07-29 21:04:51] WARNING siam.routes.auth | Intento de login fallido: admin@test.com
[2026-07-29 21:05:08] WARNING siam.routes.auth | Intento de login fallido: admin@test.com
[2026-07-29 21:05:48] WARNING siam.routes.auth | Intento de login fallido: admin@test.com
[2026-07-29 21:07:47] WARNING siam.routes.auth | Intento de login fallido: admin@test.com
[2026-07-29 21:07:47] WARNING siam.routes.auth | Intento de login fallido: admin@test.com
[2026-07-29 21:07:47] WARNING siam.routes.auth | Intento de login fallido: admin@test.com
[2026-07-29 21:07:47] WARNING siam.routes.auth | Intento de login fallido: admin@test.com
[2026-07-29 21:07:47] WARNING siam.routes.auth | Intento de login fallido: admin@test.com
[2026-07-29 21:07:47] WARNING siam.routes.auth | Intento de login fallido: admin@test.com
[2026-07-29 21:07:47] WARNING siam.routes.auth | Intento de login fallido: admin@test.com
[2026-07-29 21:07:47] WARNING siam.routes.auth | Intento de login fallido: admin@test.com
[2026-07-29 21:07:47] WARNING siam.routes.auth | Intento de login fallido: admin@test.com
[2026-07-29 21:07:47] WARNING siam.routes.auth | Intento de login fallido: admin@test.com
[2026-07-29 21:07:47] WARNING siam.routes.auth | Intento de login fallido: admin@test.com
[2026-07-29 21:07:47] WARNING siam.routes.auth | Intento de login fallido: admin@test.com
[2026-07-29 21:07:47] WARNING siam.routes.auth | Intento de login fallido: admin@test.com
[2026-07-29 21:07:47] WARNING siam.routes.auth | Intento de login fallido: admin@test.com
[2026-07-29 21:07:47] WARNING siam.routes.auth | Intento de login fallido: admin@test.com
[2026-07-29 21:07:47] WARNING siam.routes.auth | Intento de login fallido: admin@test.com
[2026-07-29 21:07:47] WARNING siam.routes.auth | Intento de login fallido: admin@test.com
[2026-07-29 21:07:47] WARNING siam.routes.auth | Intento de login fallido: admin@test.com
[2026-07-29 21:07:47] WARNING siam.routes.auth | Intento de login fallido: admin@test.com
[2026-07-29 21:07:47] WARNING siam.routes.auth | Intento de login fallido: admin@test.com
[2026-07-29 21:07:47] WARNING siam.routes.auth | Intento de login fallido: admin@test.com
[2026-07-29 21:07:47] WARNING siam.routes.auth | Intento de login fallido: admin@test.com
[2026-07-29 21:07:47] WARNING siam.routes.auth | Intento de login fallido: admin@test.com
[2026-07-29 21:07:47] WARNING siam.routes.auth | Intento de login fallido: admin@test.com
[2026-07-29 21:08:13] WARNING siam.routes.auth | Intento de login fallido: admin@test.com
[2026-07-29 21:08:13] WARNING siam.routes.auth | Intento de login fallido: admin@test.com
[2026-07-29 21:08:13] WARNING siam.routes.auth | Intento de login fallido: admin@test.com
[2026-07-29 21:08:13] WARNING siam.routes.auth | Intento de login fallido: admin@test.com
[2026-07-29 21:08:13] WARNING siam.routes.auth | Intento de login fallido: admin@test.com
[2026-07-29 21:08:13] WARNING siam.routes.auth | Intento de login fallido: admin@test.com
[2026-07-29 21:08:13] WARNING siam.routes.auth | Intento de login fallido: admin@test.com
[2026-07-29 21:08:13] WARNING siam.routes.auth | Intento de login fallido: admin@test.com
[2026-07-29 21:08:13] WARNING siam.routes.auth | Intento de login fallido: admin@test.com
[2026-07-29 21:08:13] WARNING siam.routes.auth | Intento de login fallido: admin@test.com
[2026-07-29 21:08:13] WARNING siam.routes.auth | Intento de login fallido: admin@test.com
[2026-07-29 21:08:13] WARNING siam.routes.auth | Intento de login fallido: admin@test.com
[2026-07-29 21:08:13] WARNING siam.routes.auth | Intento de login fallido: admin@test.com
[2026-07-29 21:08:13] WARNING siam.routes.auth | Intento de login fallido: admin@test.com
[2026-07-29 21:08:13] WARNING siam.routes.auth | Intento de login fallido: admin@test.com
[2026-07-29 21:08:13] WARNING siam.routes.auth | Intento de login fallido: admin@test.com
[2026-07-29 21:08:13] WARNING siam.routes.auth | Intento de login fallido: admin@test.com
[2026-07-29 21:08:13] WARNING siam.routes.auth | Intento de login fallido: admin@test.com
[2026-07-29 21:08:13] WARNING siam.routes.auth | Intento de login fallido: admin@test.com
[2026-07-29 21:08:13] WARNING siam.routes.auth | Intento de login fallido: admin@test.com
[2026-07-29 21:08:13] WARNING siam.routes.auth | Intento de login fallido: admin@test.com
[2026-07-29 21:08:13] WARNING siam.routes.auth | Intento de login fallido: admin@test.com
[2026-07-29 21:08:13] WARNING siam.routes.auth | Intento de login fallido: admin@test.com
[2026-07-29 21:08:13] WARNING siam.routes.auth | Intento de login fallido: admin@test.com
[2026-07-29 21:20:27] WARNING siam.routes.auth | Intento de login fallido: admin@test.com
[2026-07-29 21:20:27] WARNING siam.routes.auth | Intento de login fallido: admin@test.com
[2026-07-29 21:20:27] WARNING siam.routes.auth | Intento de login fallido: admin@test.com
[2026-07-29 21:20:27] WARNING siam.routes.auth | Intento de login fallido: admin@test.com
[2026-07-29 21:20:27] WARNING siam.routes.auth | Intento de login fallido: admin@test.com
[2026-07-29 21:20:27] WARNING siam.routes.auth | Intento de login fallido: admin@test.com
[2026-07-29 21:20:27] WARNING siam.routes.auth | Intento de login fallido: admin@test.com
[2026-07-29 21:20:27] WARNING siam.routes.auth | Intento de login fallido: admin@test.com
[2026-07-29 21:20:27] WARNING siam.routes.auth | Intento de login fallido: admin@test.com
[2026-07-29 21:20:27] WARNING siam.routes.auth | Intento de login fallido: admin@test.com
[2026-07-29 21:20:27] WARNING siam.routes.auth | Intento de login fallido: admin@test.com
[2026-07-29 21:20:27] WARNING siam.routes.auth | Intento de login fallido: admin@test.com
[2026-07-29 21:20:27] WARNING siam.routes.auth | Intento de login fallido: admin@test.com
[2026-07-29 21:20:27] WARNING siam.routes.auth | Intento de login fallido: admin@test.com
[2026-07-29 21:20:27] WARNING siam.routes.auth | Intento de login fallido: admin@test.com
[2026-07-29 21:20:27] WARNING siam.routes.auth | Intento de login fallido: admin@test.com
[2026-07-29 21:20:27] WARNING siam.routes.auth | Intento de login fallido: admin@test.com
[2026-07-29 21:20:27] WARNING siam.routes.auth | Intento de login fallido: admin@test.com
[2026-07-29 21:20:27] WARNING siam.routes.auth | Intento de login fallido: admin@test.com
[2026-07-29 21:20:27] WARNING siam.routes.auth | Intento de login fallido: admin@test.com
[2026-07-29 21:20:27] WARNING siam.routes.auth | Intento de login fallido: admin@test.com
[2026-07-29 21:20:27] WARNING siam.routes.auth | Intento de login fallido: admin@test.com
[2026-07-29 21:20:27] WARNING siam.routes.auth | Intento de login fallido: admin@test.com
[2026-07-29 21:20:27] WARNING siam.routes.auth | Intento de login fallido: admin@test.com
[2026-07-29 21:22:45] WARNING siam.routes.auth | Intento de login fallido: admin@test.com
[2026-07-29 21:22:45] WARNING siam.routes.auth | Intento de login fallido: admin@test.com
[2026-07-29 21:22:45] WARNING siam.routes.auth | Intento de login fallido: admin@test.com
[2026-07-29 21:22:45] WARNING siam.routes.auth | Intento de login fallido: admin@test.com
[2026-07-29 21:22:45] WARNING siam.routes.auth | Intento de login fallido: admin@test.com
[2026-07-29 21:22:45] WARNING siam.routes.auth | Intento de login fallido: admin@test.com
[2026-07-29 21:22:45] WARNING siam.routes.auth | Intento de login fallido: admin@test.com
[2026-07-29 21:22:45] WARNING siam.routes.auth | Intento de login fallido: admin@test.com
[2026-07-29 21:22:45] WARNING siam.routes.auth | Intento de login fallido: admin@test.com
[2026-07-29 21:22:45] WARNING siam.routes.auth | Intento de login fallido: admin@test.com
[2026-07-29 21:22:45] WARNING siam.routes.auth | Intento de login fallido: admin@test.com
[2026-07-29 21:22:45] WARNING siam.routes.auth | Intento de login fallido: admin@test.com
[2026-07-29 21:22:45] WARNING siam.routes.auth | Intento de login fallido: admin@test.com
[2026-07-29 21:22:45] WARNING siam.routes.auth | Intento de login fallido: admin@test.com
[2026-07-29 21:22:45] WARNING siam.routes.auth | Intento de login fallido: admin@test.com
[2026-07-29 21:22:45] WARNING siam.routes.auth | Intento de login fallido: admin@test.com
[2026-07-29 21:22:45] WARNING siam.routes.auth | Intento de login fallido: admin@test.com
[2026-07-29 21:22:45] WARNING siam.routes.auth | Intento de login fallido: admin@test.com
[2026-07-29 21:22:45] WARNING siam.routes.auth | Intento de login fallido: admin@test.com
[2026-07-29 21:22:45] WARNING siam.routes.auth | Intento de login fallido: admin@test.com
[2026-07-29 21:22:45] WARNING siam.routes.auth | Intento de login fallido: admin@test.com
[2026-07-29 21:22:45] WARNING siam.routes.auth | Intento de login fallido: admin@test.com
[2026-07-29 21:22:45] WARNING siam.routes.auth | Intento de login fallido: admin@test.com
[2026-07-29 21:22:45] WARNING siam.routes.auth | Intento de login fallido: admin@test.com
